<html>
<body>
<pre>
<h1>µVision Build Log</h1>
<h2>Tool Versions:</h2>
IDE-Version: µVision V5.36.0.0
Copyright (C) 2021 ARM Ltd and ARM Germany GmbH. All rights reserved.
License Information: Paolo Luca sium Flex license: MDK Professional 5.36 (Flex) (mdk_pro) Operation stops: 10 Mar 2024
 
Tool Versions:
Toolchain:       MDK Professional 5.36 (Flex)  Version: 5.36.0.0
Toolchain Path:  C:\Keil_v5\ARM\ARMCC\Bin
C Compiler:      Armcc.exe V5.06 update 7 (build 960)
Assembler:       Armasm.exe V5.06 update 7 (build 960)
Linker/Locator:  ArmLink.exe V5.06 update 7 (build 960)
Library Manager: ArmAr.exe V5.06 update 7 (build 960)
Hex Converter:   FromElf.exe V5.06 update 7 (build 960)
CPU DLL:         SARMCM3.DLL V5.36.0.0
Dialog DLL:      DARMP1.DLL V1.27.0.0
Target DLL:      UL2CM3.DLL V1.164.0.0
Dialog DLL:      TARMP1.DLL V1.26.0.0
 
<h2>Project:</h2>
C:\Users\simon\Dropbox (Politecnico Di Torino Studenti)\PC fisso\12_sample_glcd_tp\12_sample_GLCD_TP\sample.uvprojx
Project File Date:  01/05/2023

<h2>Output:</h2>
*** Using Compiler 'V5.06 update 7 (build 960)', folder: 'C:\Keil_v5\ARM\ARMCC\Bin'
Rebuild target 'Target 1'
Note: source file '.\GLCD_advanced\AsciiLib.c' - object file renamed from '.\AsciiLib.o' to '.\asciilib_1.o'.
Note: source file '.\GLCD_advanced\GLCD.c' - object file renamed from '.\GLCD.o' to '.\glcd_1.o'.
Note: source file '.\GLCD_advanced\HzLib.c' - object file renamed from '.\HzLib.o' to '.\hzlib_1.o'.
assembling startup_LPC17xx.s...
compiling core_cm3.c...
compiling AsciiLib.c...
compiling lib_timer.c...
compiling IRQ_timer.c...
compiling CrashBandicoot.c...
stuff\CrashBandicoot.c(10): warning:  #177-D: variable "Pet"  was declared but never referenced
  Pet = {
stuff\CrashBandicoot.c: 1 warning, 0 errors
compiling system_LPC17xx.c...
compiling sample.c...
compiling TouchPanel.c...
compiling akuaku.c...
stuff\akuaku.c(8): warning:  #177-D: variable "AkuAku"  was declared but never referenced
  AkuAku={
stuff\akuaku.c: 1 warning, 0 errors
compiling wumpa.c...
stuff\wumpa.c(8): warning:  #177-D: variable "Wumpa"  was declared but never referenced
  Wumpa={
stuff\wumpa.c: 1 warning, 0 errors
compiling HzLib.c...
compiling ukaukafinal.c...
stuff\ukaukafinal.c(8): warning:  #177-D: variable "UkaUka"  was declared but never referenced
  UkaUka={
stuff\ukaukafinal.c: 1 warning, 0 errors
compiling crashIdle.c...
stuff\crashIdle.c(8): warning:  #177-D: variable "PetIdle"  was declared but never referenced
  PetIdle={
stuff\crashIdle.c: 1 warning, 0 errors
compiling crashIdleTEST.c...
crashIdleTEST.c(8): warning:  #177-D: variable "PetIdle"  was declared but never referenced
  PetIdle={
crashIdleTEST.c: 1 warning, 0 errors
compiling CrashBandicoot-Flipped.c...
stuff\CrashBandicoot-Flipped.c(10): warning:  #177-D: variable "PetFlipped"  was declared but never referenced
  PetFlipped = {
stuff\CrashBandicoot-Flipped.c: 1 warning, 0 errors
compiling lib_RIT.c...
compiling IRQ_RIT.c...
compiling lib_joystick.c...
compiling funct_joystick.c...
compiling tamagotchi.c...
tamagotchi.c(167): warning:  #177-D: variable "i"  was declared but never referenced
  	int i;
tamagotchi.c: 1 warning, 0 errors
compiling GLCD.c...
linking...
Program Size: Code=32466 RO-data=65882 RW-data=76 ZI-data=1124  
".\sample.axf" - 0 Error(s), 8 Warning(s).

<h2>Software Packages used:</h2>

Package Vendor: ARM
                http://www.keil.com/pack/ARM.CMSIS.5.9.0.pack
                ARM.CMSIS.5.9.0
                CMSIS (Common Microcontroller Software Interface Standard)
   * Component: CORE Version: 5.6.0

Package Vendor: Keil
                http://www.keil.com/pack/Keil.LPC1700_DFP.2.7.1.pack
                Keil.LPC1700_DFP.2.7.1
                NXP LPC1700 Series Device Support, Drivers and Examples for MCB1700 and LPC1788-32

<h2>Collection of Component include folders:</h2>
  .\RTE\_Target_1
  C:\Users\simon\AppData\Local\Arm\Packs\ARM\CMSIS\5.9.0\CMSIS\Core\Include
  C:\Users\simon\AppData\Local\Arm\Packs\Keil\LPC1700_DFP\2.7.1\Device\Include

<h2>Collection of Component Files used:</h2>

   * Component: ARM::CMSIS:CORE:5.6.0
Build Time Elapsed:  00:00:03
</pre>
</body>
</html>
